// Jest Snapshot v1, https://goo.gl/fbAQLP

exports[`DeckContainer snapshot testing Store in initial-state mode 1`] = `
<div
  className="container"
>
  <div
    className="row"
  />
  <div
    className="row"
  >
    <div
      className="col-6"
    />
    <div
      className="col-6"
    >
      <div
        className="container"
      >
        <div
          className="row justify-content-center"
        >
          <div
            className="col-auto"
          >
            <b />
          </div>
        </div>
      </div>
    </div>
  </div>
</div>
`;
