// Jest Snapshot v1, https://goo.gl/fbAQLP

exports[`GameScreenContainer snapshot testing Store in initial-state mode 1`] = `
<div>
  <div
    className="container  my-1"
  >
    <div
      className="row justify-content-between"
    >
      <div
        className="col-auto"
      >
        <button
          className="btn btn-secondary mr-3"
          onClick={[Function]}
        >
          Новая игра
        </button>
      </div>
      <div
        className="col-auto"
      >
        <h3
          className="mt-2"
        >
          <span>
            —
          </span>
           
          Ваш ход!
        </h3>
      </div>
      <div
        className="col-2"
      />
    </div>
  </div>
  <div>
    <div
      className="container"
    >
      <div
        className="row"
      >
        <div
          className="col-1"
        />
        <div
          className="col-10"
        >
          <div
            className="container invisible"
          >
            <div
              className="row"
            >
              <div
                className="col-1 card mb-1 shirt"
              />
            </div>
          </div>
        </div>
        <div
          className="col-1"
        />
      </div>
    </div>
    <div
      className="container"
    >
      <div
        className="row align-items-center"
      >
        <div
          className="col-10"
        >
          <div
            className="container invisible"
          >
            <div
              className="row"
            >
              <div
                className="col-1 card mb-1 shirt"
              />
            </div>
          </div>
          <div
            className="container invisible"
          >
            <div
              className="row"
            >
              <div
                className="col-1 card mb-1 shirt"
              />
            </div>
          </div>
        </div>
        <div
          className="col-2"
        >
          <div
            className="container"
          >
            <div
              className="row"
            />
            <div
              className="row"
            >
              <div
                className="col-6"
              />
              <div
                className="col-6"
              >
                <div
                  className="container"
                >
                  <div
                    className="row justify-content-center"
                  >
                    <div
                      className="col-auto"
                    >
                      <b />
                    </div>
                  </div>
                </div>
              </div>
            </div>
          </div>
        </div>
      </div>
    </div>
    <div
      className="container"
    >
      <div
        className="row"
      >
        <div
          className="col-1"
        />
        <div
          className="col-10"
        >
          <div
            className="container invisible"
          >
            <div
              className="row"
            >
              <div
                className="col-1 card mb-1 shirt"
              />
            </div>
          </div>
        </div>
        <div
          className="col-1"
        />
      </div>
      <div
        className="row justify-content-center"
      >
        <div
          className="col-auto"
        />
      </div>
    </div>
  </div>
</div>
`;
