// Jest Snapshot v1, https://goo.gl/fbAQLP

exports[`Field snapshot testing Field don't recieve cards 1`] = `
<div
  className="container invisible"
>
  <div
    className="row"
  >
    <div
      className="col-1 card mb-1 shirt"
    />
  </div>
</div>
`;

exports[`Field snapshot testing Field recieve 10 cards 1`] = `
<div
  className="container"
>
  <div
    className="row"
  >
    <div
      className="col-1 card mb-1"
      onClick={[Function]}
    >
      <div
        className="row"
      >
        <b
          className="ml-1"
        >
          <b
            className="redText"
          >
            6
          </b>
        </b>
      </div>
      <div
        className="row"
      >
        <img
          alt=""
          className="littleSuitImg ml-1"
          src="heart.png"
        />
      </div>
      <div
        className="row justify-content-center"
      >
        <img
          alt=""
          className="bigSuitImg my-2"
          src="heart.png"
        />
      </div>
      <div
        className="row justify-content-end"
      >
        <img
          alt=""
          className="littleSuitImg rotated mr-1"
          src="heart.png"
        />
      </div>
      <div
        className="row justify-content-end"
      >
        <b
          className="rotated mr-1"
        >
          <b
            className="redText"
          >
            6
          </b>
        </b>
      </div>
    </div>
    <div
      className="col-1 card mb-1"
      onClick={[Function]}
    >
      <div
        className="row"
      >
        <b
          className="ml-1"
        >
          <b
            className="redText"
          >
            7
          </b>
        </b>
      </div>
      <div
        className="row"
      >
        <img
          alt=""
          className="littleSuitImg ml-1"
          src="heart.png"
        />
      </div>
      <div
        className="row justify-content-center"
      >
        <img
          alt=""
          className="bigSuitImg my-2"
          src="heart.png"
        />
      </div>
      <div
        className="row justify-content-end"
      >
        <img
          alt=""
          className="littleSuitImg rotated mr-1"
          src="heart.png"
        />
      </div>
      <div
        className="row justify-content-end"
      >
        <b
          className="rotated mr-1"
        >
          <b
            className="redText"
          >
            7
          </b>
        </b>
      </div>
    </div>
    <div
      className="col-1 card mb-1"
      onClick={[Function]}
    >
      <div
        className="row"
      >
        <b
          className="ml-1"
        >
          <b
            className="redText"
          >
            8
          </b>
        </b>
      </div>
      <div
        className="row"
      >
        <img
          alt=""
          className="littleSuitImg ml-1"
          src="heart.png"
        />
      </div>
      <div
        className="row justify-content-center"
      >
        <img
          alt=""
          className="bigSuitImg my-2"
          src="heart.png"
        />
      </div>
      <div
        className="row justify-content-end"
      >
        <img
          alt=""
          className="littleSuitImg rotated mr-1"
          src="heart.png"
        />
      </div>
      <div
        className="row justify-content-end"
      >
        <b
          className="rotated mr-1"
        >
          <b
            className="redText"
          >
            8
          </b>
        </b>
      </div>
    </div>
    <div
      className="col-1 card mb-1"
      onClick={[Function]}
    >
      <div
        className="row"
      >
        <b
          className="ml-1"
        >
          <b
            className="redText"
          >
            9
          </b>
        </b>
      </div>
      <div
        className="row"
      >
        <img
          alt=""
          className="littleSuitImg ml-1"
          src="heart.png"
        />
      </div>
      <div
        className="row justify-content-center"
      >
        <img
          alt=""
          className="bigSuitImg my-2"
          src="heart.png"
        />
      </div>
      <div
        className="row justify-content-end"
      >
        <img
          alt=""
          className="littleSuitImg rotated mr-1"
          src="heart.png"
        />
      </div>
      <div
        className="row justify-content-end"
      >
        <b
          className="rotated mr-1"
        >
          <b
            className="redText"
          >
            9
          </b>
        </b>
      </div>
    </div>
    <div
      className="col-1 card mb-1"
      onClick={[Function]}
    >
      <div
        className="row"
      >
        <b
          className="ml-1"
        >
          <b
            className="redText"
          >
            10
          </b>
        </b>
      </div>
      <div
        className="row"
      >
        <img
          alt=""
          className="littleSuitImg ml-1"
          src="heart.png"
        />
      </div>
      <div
        className="row justify-content-center"
      >
        <img
          alt=""
          className="bigSuitImg my-2"
          src="heart.png"
        />
      </div>
      <div
        className="row justify-content-end"
      >
        <img
          alt=""
          className="littleSuitImg rotated mr-1"
          src="heart.png"
        />
      </div>
      <div
        className="row justify-content-end"
      >
        <b
          className="rotated mr-1"
        >
          <b
            className="redText"
          >
            10
          </b>
        </b>
      </div>
    </div>
    <div
      className="col-1 card mb-1"
      onClick={[Function]}
    >
      <div
        className="row"
      >
        <b
          className="ml-1"
        >
          <b
            className="redText"
          >
            В
          </b>
        </b>
      </div>
      <div
        className="row"
      >
        <img
          alt=""
          className="littleSuitImg ml-1"
          src="heart.png"
        />
      </div>
      <div
        className="row justify-content-center"
      >
        <img
          alt=""
          className="bigSuitImg my-2"
          src="heart.png"
        />
      </div>
      <div
        className="row justify-content-end"
      >
        <img
          alt=""
          className="littleSuitImg rotated mr-1"
          src="heart.png"
        />
      </div>
      <div
        className="row justify-content-end"
      >
        <b
          className="rotated mr-1"
        >
          <b
            className="redText"
          >
            В
          </b>
        </b>
      </div>
    </div>
    <div
      className="col-1 card mb-1"
      onClick={[Function]}
    >
      <div
        className="row"
      >
        <b
          className="ml-1"
        >
          <b
            className="redText"
          >
            Д
          </b>
        </b>
      </div>
      <div
        className="row"
      >
        <img
          alt=""
          className="littleSuitImg ml-1"
          src="heart.png"
        />
      </div>
      <div
        className="row justify-content-center"
      >
        <img
          alt=""
          className="bigSuitImg my-2"
          src="heart.png"
        />
      </div>
      <div
        className="row justify-content-end"
      >
        <img
          alt=""
          className="littleSuitImg rotated mr-1"
          src="heart.png"
        />
      </div>
      <div
        className="row justify-content-end"
      >
        <b
          className="rotated mr-1"
        >
          <b
            className="redText"
          >
            Д
          </b>
        </b>
      </div>
    </div>
    <div
      className="col-1 card mb-1"
      onClick={[Function]}
    >
      <div
        className="row"
      >
        <b
          className="ml-1"
        >
          <b
            className="redText"
          >
            К
          </b>
        </b>
      </div>
      <div
        className="row"
      >
        <img
          alt=""
          className="littleSuitImg ml-1"
          src="heart.png"
        />
      </div>
      <div
        className="row justify-content-center"
      >
        <img
          alt=""
          className="bigSuitImg my-2"
          src="heart.png"
        />
      </div>
      <div
        className="row justify-content-end"
      >
        <img
          alt=""
          className="littleSuitImg rotated mr-1"
          src="heart.png"
        />
      </div>
      <div
        className="row justify-content-end"
      >
        <b
          className="rotated mr-1"
        >
          <b
            className="redText"
          >
            К
          </b>
        </b>
      </div>
    </div>
    <div
      className="col-1 card mb-1"
      onClick={[Function]}
    >
      <div
        className="row"
      >
        <b
          className="ml-1"
        >
          <b
            className="redText"
          >
            Т
          </b>
        </b>
      </div>
      <div
        className="row"
      >
        <img
          alt=""
          className="littleSuitImg ml-1"
          src="heart.png"
        />
      </div>
      <div
        className="row justify-content-center"
      >
        <img
          alt=""
          className="bigSuitImg my-2"
          src="heart.png"
        />
      </div>
      <div
        className="row justify-content-end"
      >
        <img
          alt=""
          className="littleSuitImg rotated mr-1"
          src="heart.png"
        />
      </div>
      <div
        className="row justify-content-end"
      >
        <b
          className="rotated mr-1"
        >
          <b
            className="redText"
          >
            Т
          </b>
        </b>
      </div>
    </div>
    <div
      className="col-1 card mb-1"
      onClick={[Function]}
    >
      <div
        className="row"
      >
        <b
          className="ml-1"
        >
          <b
            className="blackText"
          >
            6
          </b>
        </b>
      </div>
      <div
        className="row"
      >
        <img
          alt=""
          className="littleSuitImg ml-1"
          src="club.png"
        />
      </div>
      <div
        className="row justify-content-center"
      >
        <img
          alt=""
          className="bigSuitImg my-2"
          src="club.png"
        />
      </div>
      <div
        className="row justify-content-end"
      >
        <img
          alt=""
          className="littleSuitImg rotated mr-1"
          src="club.png"
        />
      </div>
      <div
        className="row justify-content-end"
      >
        <b
          className="rotated mr-1"
        >
          <b
            className="blackText"
          >
            6
          </b>
        </b>
      </div>
    </div>
  </div>
</div>
`;
