// Jest Snapshot v1, https://goo.gl/fbAQLP

exports[`PrevButton test of rendering with < 10 cards 1`] = `""`;

exports[`PrevButton test of rendering with > 10 cards 1`] = `
<button
  className="btn btn-info"
  onClick={[Function]}
>
  <b>
    ‚Üê
    1
  </b>
</button>
`;
