// Jest Snapshot v1, https://goo.gl/fbAQLP

exports[`AIContainer snapshot testing Store does not contain any card 1`] = `
<div
  className="container"
>
  <div
    className="row"
  >
    <div
      className="col-1"
    />
    <div
      className="col-10"
    >
      <div
        className="container invisible"
      >
        <div
          className="row"
        >
          <div
            className="col-1 card mb-1 shirt"
          />
        </div>
      </div>
    </div>
    <div
      className="col-1"
    />
  </div>
</div>
`;
